Synthetic package output (package:flutter_gen) is deprecated: https://flutter.dev/to/flutter-gen-deprecation. In a future release, synthetic-package will default to `false` and will later be removed entirely.
00:00 +0: loading /mnt/data/farhan/Committee_App/test/screens/host/host_dashboard_test.dart                                                                                                            00:01 +0: loading /mnt/data/farhan/Committee_App/test/screens/host/host_dashboard_test.dart                                                                                                            00:02 +0: loading /mnt/data/farhan/Committee_App/test/screens/host/host_dashboard_test.dart                                                                                                            00:02 +0: HostDashboard displays empty state when no committees exist                                                                                                                                  00:03 +0: HostDashboard displays empty state when no committees exist                                                                                                                                  00:03 +0: HostDashboard displays empty state when no committees exist                                                                                                                                  
══╡ EXCEPTION CAUGHT BY WIDGETS LIBRARY ╞═══════════════════════════════════════════════════════════
The following StateError was thrown while finalizing the widget tree:
Bad state: Cannot use "ref" after the widget was disposed.

When the exception was thrown, this was the stack:
#0      ConsumerStatefulElement._assertNotDisposed (package:flutter_riverpod/src/consumer.dart:550:7)
#1      ConsumerStatefulElement.read (package:flutter_riverpod/src/consumer.dart:619:5)
#2      _HostDashboardScreenState.dispose (package:committee_app/screens/host/host_dashboard_screen.dart:83:9)
#3      StatefulElement.unmount (package:flutter/src/widgets/framework.dart:5940:11)
#4      ConsumerStatefulElement.unmount (package:flutter_riverpod/src/consumer.dart:575:11)
#5      _InactiveElements._unmount (package:flutter/src/widgets/framework.dart:2085:13)
#6      _InactiveElements._unmount.<anonymous closure> (package:flutter/src/widgets/framework.dart:2083:7)
#7      SingleChildRenderObjectElement.visitChildren (package:flutter/src/widgets/framework.dart:7013:14)
#8      _InactiveElements._unmount (package:flutter/src/widgets/framework.dart:2081:13)
#9      _InactiveElements._unmount.<anonymous closure> (package:flutter/src/widgets/framework.dart:2083:7)
#10     ComponentElement.visitChildren (package:flutter/src/widgets/framework.dart:5781:14)
#11     _InactiveElements._unmount (package:flutter/src/widgets/framework.dart:2081:13)
#12     _InactiveElements._unmount.<anonymous closure> (package:flutter/src/widgets/framework.dart:2083:7)
#13     SingleChildRenderObjectElement.visitChildren (package:flutter/src/widgets/framework.dart:7013:14)
#14     _InactiveElements._unmount (package:flutter/src/widgets/framework.dart:2081:13)
#15     _InactiveElements._unmount.<anonymous closure> (package:flutter/src/widgets/framework.dart:2083:7)
#16     SingleChildRenderObjectElement.visitChildren (package:flutter/src/widgets/framework.dart:7013:14)
#17     _InactiveElements._unmount (package:flutter/src/widgets/framework.dart:2081:13)
#18     _InactiveElements._unmount.<anonymous closure> (package:flutter/src/widgets/framework.dart:2083:7)
#19     ComponentElement.visitChildren (package:flutter/src/widgets/framework.dart:5781:14)
#20     _InactiveElements._unmount (package:flutter/src/widgets/framework.dart:2081:13)
#21     _InactiveElements._unmount.<anonymous closure> (package:flutter/src/widgets/framework.dart:2083:7)
#22     SingleChildRenderObjectElement.visitChildren (package:flutter/src/widgets/framework.dart:7013:14)
#23     _InactiveElements._unmount (package:flutter/src/widgets/framework.dart:2081:13)
#24     _InactiveElements._unmount.<anonymous closure> (package:flutter/src/widgets/framework.dart:2083:7)
#25     ComponentElement.visitChildren (package:flutter/src/widgets/framework.dart:5781:14)
#26     _InactiveElements._unmount (package:flutter/src/widgets/framework.dart:2081:13)
#27     _InactiveElements._unmount.<anonymous closure> (package:flutter/src/widgets/framework.dart:2083:7)
#28     SingleChildRenderObjectElement.visitChildren (package:flutter/src/widgets/framework.dart:7013:14)
#29     _InactiveElements._unmount (package:flutter/src/widgets/framework.dart:2081:13)
#30     _InactiveElements._unmount.<anonymous closure> (package:flutter/src/widgets/framework.dart:2083:7)
#31     ComponentElement.visitChildren (package:flutter/src/widgets/framework.dart:5781:14)
#32     _InactiveElements._unmount (package:flutter/src/widgets/framework.dart:2081:13)
#33     _InactiveElements._unmount.<anonymous closure> (package:flutter/src/widgets/framework.dart:2083:7)
#34     ComponentElement.visitChildren (package:flutter/src/widgets/framework.dart:5781:14)
#35     _InactiveElements._unmount (package:flutter/src/widgets/framework.dart:2081:13)
#36     _InactiveElements._unmount.<anonymous closure> (package:flutter/src/widgets/framework.dart:2083:7)
#37     SingleChildRenderObjectElement.visitChildren (package:flutter/src/widgets/framework.dart:7013:14)
#38     _InactiveElements._unmount (package:flutter/src/widgets/framework.dart:2081:13)
#39     _InactiveElements._unmount.<anonymous closure> (package:flutter/src/widgets/framework.dart:2083:7)
#40     ComponentElement.visitChildren (package:flutter/src/widgets/framework.dart:5781:14)
#41     _InactiveElements._unmount (package:flutter/src/widgets/framework.dart:2081:13)
#42     _InactiveElements._unmount.<anonymous closure> (package:flutter/src/widgets/framework.dart:2083:7)
#43     SingleChildRenderObjectElement.visitChildren (package:flutter/src/widgets/framework.dart:7013:14)
#44     _InactiveElements._unmount (package:flutter/src/widgets/framework.dart:2081:13)
#45     _InactiveElements._unmount.<anonymous closure> (package:flutter/src/widgets/framework.dart:2083:7)
#46     ComponentElement.visitChildren (package:flutter/src/widgets/framework.dart:5781:14)
#47     _InactiveElements._unmount (package:flutter/src/widgets/framework.dart:2081:13)
#48     _InactiveElements._unmount.<anonymous closure> (package:flutter/src/widgets/framework.dart:2083:7)
#49     ComponentElement.visitChildren (package:flutter/src/widgets/framework.dart:5781:14)
#50     _InactiveElements._unmount (package:flutter/src/widgets/framework.dart:2081:13)
#51     _InactiveElements._unmount.<anonymous closure> (package:flutter/src/widgets/framework.dart:2083:7)
#52     ComponentElement.visitChildren (package:flutter/src/widgets/framework.dart:5781:14)
#53     _InactiveElements._unmount (package:flutter/src/widgets/framework.dart:2081:13)
#54     _InactiveElements._unmount.<anonymous closure> (package:flutter/src/widgets/framework.dart:2083:7)
#55     ComponentElement.visitChildren (package:flutter/src/widgets/framework.dart:5781:14)
#56     _InactiveElements._unmount (package:flutter/src/widgets/framework.dart:2081:13)
#57     _InactiveElements._unmount.<anonymous closure> (package:flutter/src/widgets/framework.dart:2083:7)
#58     ComponentElement.visitChildren (package:flutter/src/widgets/framework.dart:5781:14)
#59     _InactiveElements._unmount (package:flutter/src/widgets/framework.dart:2081:13)
#60     _InactiveElements._unmount.<anonymous closure> (package:flutter/src/widgets/framework.dart:2083:7)
#61     SingleChildRenderObjectElement.visitChildren (package:flutter/src/widgets/framework.dart:7013:14)
#62     _InactiveElements._unmount (package:flutter/src/widgets/framework.dart:2081:13)
#63     _InactiveElements._unmount.<anonymous closure> (package:flutter/src/widgets/framework.dart:2083:7)
#64     ComponentElement.visitChildren (package:flutter/src/widgets/framework.dart:5781:14)
#65     _InactiveElements._unmount (package:flutter/src/widgets/framework.dart:2081:13)
#66     _InactiveElements._unmount.<anonymous closure> (package:flutter/src/widgets/framework.dart:2083:7)
#67     SingleChildRenderObjectElement.visitChildren (package:flutter/src/widgets/framework.dart:7013:14)
#68     _InactiveElements._unmount (package:flutter/src/widgets/framework.dart:2081:13)
#69     _InactiveElements._unmount.<anonymous closure> (package:flutter/src/widgets/framework.dart:2083:7)
#70     ComponentElement.visitChildren (package:flutter/src/widgets/framework.dart:5781:14)
#71     _InactiveElements._unmount (package:flutter/src/widgets/framework.dart:2081:13)
#72     _InactiveElements._unmount.<anonymous closure> (package:flutter/src/widgets/framework.dart:2083:7)
#73     ComponentElement.visitChildren (package:flutter/src/widgets/framework.dart:5781:14)
#74     _InactiveElements._unmount (package:flutter/src/widgets/framework.dart:2081:13)
#75     _InactiveElements._unmount.<anonymous closure> (package:flutter/src/widgets/framework.dart:2083:7)
#76     ComponentElement.visitChildren (package:flutter/src/widgets/framework.dart:5781:14)
#77     _InactiveElements._unmount (package:flutter/src/widgets/framework.dart:2081:13)
#78     _InactiveElements._unmount.<anonymous closure> (package:flutter/src/widgets/framework.dart:2083:7)
#79     ComponentElement.visitChildren (package:flutter/src/widgets/framework.dart:5781:14)
#80     _InactiveElements._unmount (package:flutter/src/widgets/framework.dart:2081:13)
#81     _InactiveElements._unmount.<anonymous closure> (package:flutter/src/widgets/framework.dart:2083:7)
#82     ComponentElement.visitChildren (package:flutter/src/widgets/framework.dart:5781:14)
#83     _InactiveElements._unmount (package:flutter/src/widgets/framework.dart:2081:13)
#84     _InactiveElements._unmount.<anonymous closure> (package:flutter/src/widgets/framework.dart:2083:7)
#85     ComponentElement.visitChildren (package:flutter/src/widgets/framework.dart:5781:14)
#86     _InactiveElements._unmount (package:flutter/src/widgets/framework.dart:2081:13)
#87     _InactiveElements._unmount.<anonymous closure> (package:flutter/src/widgets/framework.dart:2083:7)
#88     SingleChildRenderObjectElement.visitChildren (package:flutter/src/widgets/framework.dart:7013:14)
#89     _InactiveElements._unmount (package:flutter/src/widgets/framework.dart:2081:13)
#90     _InactiveElements._unmount.<anonymous closure> (package:flutter/src/widgets/framework.dart:2083:7)
#91     ComponentElement.visitChildren (package:flutter/src/widgets/framework.dart:5781:14)
#92     _InactiveElements._unmount (package:flutter/src/widgets/framework.dart:2081:13)
#93     _InactiveElements._unmount.<anonymous closure> (package:flutter/src/widgets/framework.dart:2083:7)
#94     ComponentElement.visitChildren (package:flutter/src/widgets/framework.dart:5781:14)
#95     _InactiveElements._unmount (package:flutter/src/widgets/framework.dart:2081:13)
#96     _InactiveElements._unmount.<anonymous closure> (package:flutter/src/widgets/framework.dart:2083:7)
#97     ComponentElement.visitChildren (package:flutter/src/widgets/framework.dart:5781:14)
#98     _InactiveElements._unmount (package:flutter/src/widgets/framework.dart:2081:13)
#99     _InactiveElements._unmount.<anonymous closure> (package:flutter/src/widgets/framework.dart:2083:7)
#100    ComponentElement.visitChildren (package:flutter/src/widgets/framework.dart:5781:14)
#101    _InactiveElements._unmount (package:flutter/src/widgets/framework.dart:2081:13)
#102    _InactiveElements._unmount.<anonymous closure> (package:flutter/src/widgets/framework.dart:2083:7)
#103    ComponentElement.visitChildren (package:flutter/src/widgets/framework.dart:5781:14)
#104    _InactiveElements._unmount (package:flutter/src/widgets/framework.dart:2081:13)
#105    _InactiveElements._unmount.<anonymous closure> (package:flutter/src/widgets/framework.dart:2083:7)
#106    SingleChildRenderObjectElement.visitChildren (package:flutter/src/widgets/framework.dart:7013:14)
#107    _InactiveElements._unmount (package:flutter/src/widgets/framework.dart:2081:13)
#108    _InactiveElements._unmount.<anonymous closure> (package:flutter/src/widgets/framework.dart:2083:7)
#109    ComponentElement.visitChildren (package:flutter/src/widgets/framework.dart:5781:14)
#110    _InactiveElements._unmount (package:flutter/src/widgets/framework.dart:2081:13)
#111    _InactiveElements._unmount.<anonymous closure> (package:flutter/src/widgets/framework.dart:2083:7)
#112    ComponentElement.visitChildren (package:flutter/src/widgets/framework.dart:5781:14)
#113    _InactiveElements._unmount (package:flutter/src/widgets/framework.dart:2081:13)
#114    _InactiveElements._unmount.<anonymous closure> (package:flutter/src/widgets/framework.dart:2083:7)
#115    ComponentElement.visitChildren (package:flutter/src/widgets/framework.dart:5781:14)
#116    _InactiveElements._unmount (package:flutter/src/widgets/framework.dart:2081:13)
#117    _InactiveElements._unmount.<anonymous closure> (package:flutter/src/widgets/framework.dart:2083:7)
#118    ComponentElement.visitChildren (package:flutter/src/widgets/framework.dart:5781:14)
#119    _InactiveElements._unmount (package:flutter/src/widgets/framework.dart:2081:13)
#120    _InactiveElements._unmount.<anonymous closure> (package:flutter/src/widgets/framework.dart:2083:7)
#121    MultiChildRenderObjectElement.visitChildren (package:flutter/src/widgets/framework.dart:7137:16)
#122    _InactiveElements._unmount (package:flutter/src/widgets/framework.dart:2081:13)
#123    _InactiveElements._unmount.<anonymous closure> (package:flutter/src/widgets/framework.dart:2083:7)
#124    ComponentElement.visitChildren (package:flutter/src/widgets/framework.dart:5781:14)
#125    _InactiveElements._unmount (package:flutter/src/widgets/framework.dart:2081:13)
#126    _InactiveElements._unmount.<anonymous closure> (package:flutter/src/widgets/framework.dart:2083:7)
#127    ComponentElement.visitChildren (package:flutter/src/widgets/framework.dart:5781:14)
#128    _InactiveElements._unmount (package:flutter/src/widgets/framework.dart:2081:13)
#129    _InactiveElements._unmount.<anonymous closure> (package:flutter/src/widgets/framework.dart:2083:7)
#130    ComponentElement.visitChildren (package:flutter/src/widgets/framework.dart:5781:14)
#131    _InactiveElements._unmount (package:flutter/src/widgets/framework.dart:2081:13)
#132    _InactiveElements._unmount.<anonymous closure> (package:flutter/src/widgets/framework.dart:2083:7)
#133    ComponentElement.visitChildren (package:flutter/src/widgets/framework.dart:5781:14)
#134    _InactiveElements._unmount (package:flutter/src/widgets/framework.dart:2081:13)
#135    _InactiveElements._unmount.<anonymous closure> (package:flutter/src/widgets/framework.dart:2083:7)
#136    ComponentElement.visitChildren (package:flutter/src/widgets/framework.dart:5781:14)
#137    _InactiveElements._unmount (package:flutter/src/widgets/framework.dart:2081:13)
#138    _InactiveElements._unmount.<anonymous closure> (package:flutter/src/widgets/framework.dart:2083:7)
#139    ComponentElement.visitChildren (package:flutter/src/widgets/framework.dart:5781:14)
#140    _InactiveElements._unmount (package:flutter/src/widgets/framework.dart:2081:13)
#141    _InactiveElements._unmount.<anonymous closure> (package:flutter/src/widgets/framework.dart:2083:7)
#142    ComponentElement.visitChildren (package:flutter/src/widgets/framework.dart:5781:14)
#143    _InactiveElements._unmount (package:flutter/src/widgets/framework.dart:2081:13)
#144    _InactiveElements._unmount.<anonymous closure> (package:flutter/src/widgets/framework.dart:2083:7)
#145    SingleChildRenderObjectElement.visitChildren (package:flutter/src/widgets/framework.dart:7013:14)
#146    _InactiveElements._unmount (package:flutter/src/widgets/framework.dart:2081:13)
#147    _InactiveElements._unmount.<anonymous closure> (package:flutter/src/widgets/framework.dart:2083:7)
#148    SingleChildRenderObjectElement.visitChildren (package:flutter/src/widgets/framework.dart:7013:14)
#149    _InactiveElements._unmount (package:flutter/src/widgets/framework.dart:2081:13)
#150    _InactiveElements._unmount.<anonymous closure> (package:flutter/src/widgets/framework.dart:2083:7)
#151    ComponentElement.visitChildren (package:flutter/src/widgets/framework.dart:5781:14)
#152    _InactiveElements._unmount (package:flutter/src/widgets/framework.dart:2081:13)
#153    _InactiveElements._unmount.<anonymous closure> (package:flutter/src/widgets/framework.dart:2083:7)
#154    ComponentElement.visitChildren (package:flutter/src/widgets/framework.dart:5781:14)
#155    _InactiveElements._unmount (package:flutter/src/widgets/framework.dart:2081:13)
#156    _InactiveElements._unmount.<anonymous closure> (package:flutter/src/widgets/framework.dart:2083:7)
#157    ComponentElement.visitChildren (package:flutter/src/widgets/framework.dart:5781:14)
#158    _InactiveElements._unmount (package:flutter/src/widgets/framework.dart:2081:13)
#159    _InactiveElements._unmount.<anonymous closure> (package:flutter/src/widgets/framework.dart:2083:7)
#160    ComponentElement.visitChildren (package:flutter/src/widgets/framework.dart:5781:14)
#161    _InactiveElements._unmount (package:flutter/src/widgets/framework.dart:2081:13)
#162    _InactiveElements._unmount.<anonymous closure> (package:flutter/src/widgets/framework.dart:2083:7)
#163    SingleChildRenderObjectElement.visitChildren (package:flutter/src/widgets/framework.dart:7013:14)
#164    _InactiveElements._unmount (package:flutter/src/widgets/framework.dart:2081:13)
#165    _InactiveElements._unmount.<anonymous closure> (package:flutter/src/widgets/framework.dart:2083:7)
#166    ComponentElement.visitChildren (package:flutter/src/widgets/framework.dart:5781:14)
#167    _InactiveElements._unmount (package:flutter/src/widgets/framework.dart:2081:13)
#168    _InactiveElements._unmount.<anonymous closure> (package:flutter/src/widgets/framework.dart:2083:7)
#169    ComponentElement.visitChildren (package:flutter/src/widgets/framework.dart:5781:14)
#170    _InactiveElements._unmount (package:flutter/src/widgets/framework.dart:2081:13)
#171    _InactiveElements._unmount.<anonymous closure> (package:flutter/src/widgets/framework.dart:2083:7)
#172    ComponentElement.visitChildren (package:flutter/src/widgets/framework.dart:5781:14)
#173    _InactiveElements._unmount (package:flutter/src/widgets/framework.dart:2081:13)
#174    _InactiveElements._unmount.<anonymous closure> (package:flutter/src/widgets/framework.dart:2083:7)
#175    ComponentElement.visitChildren (package:flutter/src/widgets/framework.dart:5781:14)
#176    _InactiveElements._unmount (package:flutter/src/widgets/framework.dart:2081:13)
#177    _InactiveElements._unmount.<anonymous closure> (package:flutter/src/widgets/framework.dart:2083:7)
#178    ComponentElement.visitChildren (package:flutter/src/widgets/framework.dart:5781:14)
#179    _InactiveElements._unmount (package:flutter/src/widgets/framework.dart:2081:13)
#180    _InactiveElements._unmount.<anonymous closure> (package:flutter/src/widgets/framework.dart:2083:7)
#181    ComponentElement.visitChildren (package:flutter/src/widgets/framework.dart:5781:14)
#182    _InactiveElements._unmount (package:flutter/src/widgets/framework.dart:2081:13)
#183    _InactiveElements._unmount.<anonymous closure> (package:flutter/src/widgets/framework.dart:2083:7)
#184    ComponentElement.visitChildren (package:flutter/src/widgets/framework.dart:5781:14)
#185    _InactiveElements._unmount (package:flutter/src/widgets/framework.dart:2081:13)
#186    _InactiveElements._unmount.<anonymous closure> (package:flutter/src/widgets/framework.dart:2083:7)
#187    ComponentElement.visitChildren (package:flutter/src/widgets/framework.dart:5781:14)
#188    _InactiveElements._unmount (package:flutter/src/widgets/framework.dart:2081:13)
#189    _InactiveElements._unmount.<anonymous closure> (package:flutter/src/widgets/framework.dart:2083:7)
#190    ComponentElement.visitChildren (package:flutter/src/widgets/framework.dart:5781:14)
#191    _InactiveElements._unmount (package:flutter/src/widgets/framework.dart:2081:13)
#192    _InactiveElements._unmount.<anonymous closure> (package:flutter/src/widgets/framework.dart:2083:7)
#193    ComponentElement.visitChildren (package:flutter/src/widgets/framework.dart:5781:14)
#194    _InactiveElements._unmount (package:flutter/src/widgets/framework.dart:2081:13)
#195    _InactiveElements._unmount.<anonymous closure> (package:flutter/src/widgets/framework.dart:2083:7)
#196    ComponentElement.visitChildren (package:flutter/src/widgets/framework.dart:5781:14)
#197    _InactiveElements._unmount (package:flutter/src/widgets/framework.dart:2081:13)
#198    _InactiveElements._unmount.<anonymous closure> (package:flutter/src/widgets/framework.dart:2083:7)
#199    ComponentElement.visitChildren (package:flutter/src/widgets/framework.dart:5781:14)
#200    _InactiveElements._unmount (package:flutter/src/widgets/framework.dart:2081:13)
#201    _InactiveElements._unmount.<anonymous closure> (package:flutter/src/widgets/framework.dart:2083:7)
#202    ComponentElement.visitChildren (package:flutter/src/widgets/framework.dart:5781:14)
#203    _InactiveElements._unmount (package:flutter/src/widgets/framework.dart:2081:13)
#204    _InactiveElements._unmount.<anonymous closure> (package:flutter/src/widgets/framework.dart:2083:7)
#205    ComponentElement.visitChildren (package:flutter/src/widgets/framework.dart:5781:14)
#206    _InactiveElements._unmount (package:flutter/src/widgets/framework.dart:2081:13)
#207    _InactiveElements._unmount.<anonymous closure> (package:flutter/src/widgets/framework.dart:2083:7)
#208    ComponentElement.visitChildren (package:flutter/src/widgets/framework.dart:5781:14)
#209    _InactiveElements._unmount (package:flutter/src/widgets/framework.dart:2081:13)
#210    _InactiveElements._unmount.<anonymous closure> (package:flutter/src/widgets/framework.dart:2083:7)
#211    SingleChildRenderObjectElement.visitChildren (package:flutter/src/widgets/framework.dart:7013:14)
#212    _InactiveElements._unmount (package:flutter/src/widgets/framework.dart:2081:13)
#213    _InactiveElements._unmount.<anonymous closure> (package:flutter/src/widgets/framework.dart:2083:7)
#214    ComponentElement.visitChildren (package:flutter/src/widgets/framework.dart:5781:14)
#215    _InactiveElements._unmount (package:flutter/src/widgets/framework.dart:2081:13)
#216    _InactiveElements._unmount.<anonymous closure> (package:flutter/src/widgets/framework.dart:2083:7)
#217    ComponentElement.visitChildren (package:flutter/src/widgets/framework.dart:5781:14)
#218    _InactiveElements._unmount (package:flutter/src/widgets/framework.dart:2081:13)
#219    _InactiveElements._unmount.<anonymous closure> (package:flutter/src/widgets/framework.dart:2083:7)
#220    ComponentElement.visitChildren (package:flutter/src/widgets/framework.dart:5781:14)
#221    _InactiveElements._unmount (package:flutter/src/widgets/framework.dart:2081:13)
#222    _InactiveElements._unmount.<anonymous closure> (package:flutter/src/widgets/framework.dart:2083:7)
#223    ComponentElement.visitChildren (package:flutter/src/widgets/framework.dart:5781:14)
#224    _InactiveElements._unmount (package:flutter/src/widgets/framework.dart:2081:13)
#225    _InactiveElements._unmount.<anonymous closure> (package:flutter/src/widgets/framework.dart:2083:7)
#226    ComponentElement.visitChildren (package:flutter/src/widgets/framework.dart:5781:14)
#227    _InactiveElements._unmount (package:flutter/src/widgets/framework.dart:2081:13)
#228    _InactiveElements._unmount.<anonymous closure> (package:flutter/src/widgets/framework.dart:2083:7)
#229    SingleChildRenderObjectElement.visitChildren (package:flutter/src/widgets/framework.dart:7013:14)
#230    _InactiveElements._unmount (package:flutter/src/widgets/framework.dart:2081:13)
#231    _InactiveElements._unmount.<anonymous closure> (package:flutter/src/widgets/framework.dart:2083:7)
#232    ComponentElement.visitChildren (package:flutter/src/widgets/framework.dart:5781:14)
#233    _InactiveElements._unmount (package:flutter/src/widgets/framework.dart:2081:13)
#234    _InactiveElements._unmount.<anonymous closure> (package:flutter/src/widgets/framework.dart:2083:7)
#235    SingleChildRenderObjectElement.visitChildren (package:flutter/src/widgets/framework.dart:7013:14)
#236    _InactiveElements._unmount (package:flutter/src/widgets/framework.dart:2081:13)
#237    _InactiveElements._unmount.<anonymous closure> (package:flutter/src/widgets/framework.dart:2083:7)
#238    ComponentElement.visitChildren (package:flutter/src/widgets/framework.dart:5781:14)
#239    _InactiveElements._unmount (package:flutter/src/widgets/framework.dart:2081:13)
#240    _InactiveElements._unmount.<anonymous closure> (package:flutter/src/widgets/framework.dart:2083:7)
#241    ComponentElement.visitChildren (package:flutter/src/widgets/framework.dart:5781:14)
#242    _InactiveElements._unmount (package:flutter/src/widgets/framework.dart:2081:13)
#243    _InactiveElements._unmount.<anonymous closure> (package:flutter/src/widgets/framework.dart:2083:7)
#244    ComponentElement.visitChildren (package:flutter/src/widgets/framework.dart:5781:14)
#245    _InactiveElements._unmount (package:flutter/src/widgets/framework.dart:2081:13)
#246    _InactiveElements._unmount.<anonymous closure> (package:flutter/src/widgets/framework.dart:2083:7)
#247    ComponentElement.visitChildren (package:flutter/src/widgets/framework.dart:5781:14)
#248    _InactiveElements._unmount (package:flutter/src/widgets/framework.dart:2081:13)
#249    _InactiveElements._unmount.<anonymous closure> (package:flutter/src/widgets/framework.dart:2083:7)
#250    ComponentElement.visitChildren (package:flutter/src/widgets/framework.dart:5781:14)
#251    _InactiveElements._unmount (package:flutter/src/widgets/framework.dart:2081:13)
#252    _InactiveElements._unmount.<anonymous closure> (package:flutter/src/widgets/framework.dart:2083:7)
#253    SingleChildRenderObjectElement.visitChildren (package:flutter/src/widgets/framework.dart:7013:14)
#254    _InactiveElements._unmount (package:flutter/src/widgets/framework.dart:2081:13)
#255    _InactiveElements._unmount.<anonymous closure> (package:flutter/src/widgets/framework.dart:2083:7)
#256    ComponentElement.visitChildren (package:flutter/src/widgets/framework.dart:5781:14)
#257    _InactiveElements._unmount (package:flutter/src/widgets/framework.dart:2081:13)
#258    _InactiveElements._unmount.<anonymous closure> (package:flutter/src/widgets/framework.dart:2083:7)
#259    ComponentElement.visitChildren (package:flutter/src/widgets/framework.dart:5781:14)
#260    _InactiveElements._unmount (package:flutter/src/widgets/framework.dart:2081:13)
#261    _InactiveElements._unmount.<anonymous closure> (package:flutter/src/widgets/framework.dart:2083:7)
#262    ComponentElement.visitChildren (package:flutter/src/widgets/framework.dart:5781:14)
#263    _InactiveElements._unmount (package:flutter/src/widgets/framework.dart:2081:13)
#264    _InactiveElements._unmount.<anonymous closure> (package:flutter/src/widgets/framework.dart:2083:7)
#265    ComponentElement.visitChildren (package:flutter/src/widgets/framework.dart:5781:14)
#266    _InactiveElements._unmount (package:flutter/src/widgets/framework.dart:2081:13)
#267    _InactiveElements._unmount.<anonymous closure> (package:flutter/src/widgets/framework.dart:2083:7)
#268    ComponentElement.visitChildren (package:flutter/src/widgets/framework.dart:5781:14)
#269    _InactiveElements._unmount (package:flutter/src/widgets/framework.dart:2081:13)
#270    _InactiveElements._unmount.<anonymous closure> (package:flutter/src/widgets/framework.dart:2083:7)
#271    SingleChildRenderObjectElement.visitChildren (package:flutter/src/widgets/framework.dart:7013:14)
#272    _InactiveElements._unmount (package:flutter/src/widgets/framework.dart:2081:13)
#273    _InactiveElements._unmount.<anonymous closure> (package:flutter/src/widgets/framework.dart:2083:7)
#274    ComponentElement.visitChildren (package:flutter/src/widgets/framework.dart:5781:14)
#275    _InactiveElements._unmount (package:flutter/src/widgets/framework.dart:2081:13)
#276    _InactiveElements._unmount.<anonymous closure> (package:flutter/src/widgets/framework.dart:2083:7)
#277    ComponentElement.visitChildren (package:flutter/src/widgets/framework.dart:5781:14)
#278    _InactiveElements._unmount (package:flutter/src/widgets/framework.dart:2081:13)
#279    _InactiveElements._unmount.<anonymous closure> (package:flutter/src/widgets/framework.dart:2083:7)
#280    ComponentElement.visitChildren (package:flutter/src/widgets/framework.dart:5781:14)
#281    _InactiveElements._unmount (package:flutter/src/widgets/framework.dart:2081:13)
#282    _InactiveElements._unmount.<anonymous closure> (package:flutter/src/widgets/framework.dart:2083:7)
#283    ComponentElement.visitChildren (package:flutter/src/widgets/framework.dart:5781:14)
#284    _InactiveElements._unmount (package:flutter/src/widgets/framework.dart:2081:13)
#285    _InactiveElements._unmount.<anonymous closure> (package:flutter/src/widgets/framework.dart:2083:7)
#286    SingleChildRenderObjectElement.visitChildren (package:flutter/src/widgets/framework.dart:7013:14)
#287    _InactiveElements._unmount (package:flutter/src/widgets/framework.dart:2081:13)
#288    _InactiveElements._unmount.<anonymous closure> (package:flutter/src/widgets/framework.dart:2083:7)
#289    ComponentElement.visitChildren (package:flutter/src/widgets/framework.dart:5781:14)
#290    _InactiveElements._unmount (package:flutter/src/widgets/framework.dart:2081:13)
#291    _InactiveElements._unmount.<anonymous closure> (package:flutter/src/widgets/framework.dart:2083:7)
#292    ComponentElement.visitChildren (package:flutter/src/widgets/framework.dart:5781:14)
#293    _InactiveElements._unmount (package:flutter/src/widgets/framework.dart:2081:13)
#294    _InactiveElements._unmount.<anonymous closure> (package:flutter/src/widgets/framework.dart:2083:7)
#295    ComponentElement.visitChildren (package:flutter/src/widgets/framework.dart:5781:14)
#296    _InactiveElements._unmount (package:flutter/src/widgets/framework.dart:2081:13)
#297    _InactiveElements._unmount.<anonymous closure> (package:flutter/src/widgets/framework.dart:2083:7)
#298    ComponentElement.visitChildren (package:flutter/src/widgets/framework.dart:5781:14)
#299    _InactiveElements._unmount (package:flutter/src/widgets/framework.dart:2081:13)
#300    _InactiveElements._unmount.<anonymous closure> (package:flutter/src/widgets/framework.dart:2083:7)
#301    ComponentElement.visitChildren (package:flutter/src/widgets/framework.dart:5781:14)
#302    _InactiveElements._unmount (package:flutter/src/widgets/framework.dart:2081:13)
#303    _InactiveElements._unmount.<anonymous closure> (package:flutter/src/widgets/framework.dart:2083:7)
#304    ComponentElement.visitChildren (package:flutter/src/widgets/framework.dart:5781:14)
#305    _InactiveElements._unmount (package:flutter/src/widgets/framework.dart:2081:13)
#306    _InactiveElements._unmount.<anonymous closure> (package:flutter/src/widgets/framework.dart:2083:7)
#307    ComponentElement.visitChildren (package:flutter/src/widgets/framework.dart:5781:14)
#308    _InactiveElements._unmount (package:flutter/src/widgets/framework.dart:2081:13)
#309    _InactiveElements._unmount.<anonymous closure> (package:flutter/src/widgets/framework.dart:2083:7)
#310    ComponentElement.visitChildren (package:flutter/src/widgets/framework.dart:5781:14)
#311    _InactiveElements._unmount (package:flutter/src/widgets/framework.dart:2081:13)
#312    _InactiveElements._unmount.<anonymous closure> (package:flutter/src/widgets/framework.dart:2083:7)
#313    ComponentElement.visitChildren (package:flutter/src/widgets/framework.dart:5781:14)
#314    _InactiveElements._unmount (package:flutter/src/widgets/framework.dart:2081:13)
#315    _InactiveElements._unmount.<anonymous closure> (package:flutter/src/widgets/framework.dart:2083:7)
#316    ComponentElement.visitChildren (package:flutter/src/widgets/framework.dart:5781:14)
#317    _InactiveElements._unmount (package:flutter/src/widgets/framework.dart:2081:13)
#318    _InactiveElements._unmount.<anonymous closure> (package:flutter/src/widgets/framework.dart:2083:7)
#319    ComponentElement.visitChildren (package:flutter/src/widgets/framework.dart:5781:14)
#320    _InactiveElements._unmount (package:flutter/src/widgets/framework.dart:2081:13)
#321    _InactiveElements._unmount.<anonymous closure> (package:flutter/src/widgets/framework.dart:2083:7)
#322    SingleChildRenderObjectElement.visitChildren (package:flutter/src/widgets/framework.dart:7013:14)
#323    _InactiveElements._unmount (package:flutter/src/widgets/framework.dart:2081:13)
#324    _InactiveElements._unmount.<anonymous closure> (package:flutter/src/widgets/framework.dart:2083:7)
#325    ComponentElement.visitChildren (package:flutter/src/widgets/framework.dart:5781:14)
#326    _InactiveElements._unmount (package:flutter/src/widgets/framework.dart:2081:13)
#327    _InactiveElements._unmount.<anonymous closure> (package:flutter/src/widgets/framework.dart:2083:7)
#328    ComponentElement.visitChildren (package:flutter/src/widgets/framework.dart:5781:14)
#329    _InactiveElements._unmount (package:flutter/src/widgets/framework.dart:2081:13)
#330    _InactiveElements._unmount.<anonymous closure> (package:flutter/src/widgets/framework.dart:2083:7)
#331    ComponentElement.visitChildren (package:flutter/src/widgets/framework.dart:5781:14)
#332    _InactiveElements._unmount (package:flutter/src/widgets/framework.dart:2081:13)
#333    _InactiveElements._unmount.<anonymous closure> (package:flutter/src/widgets/framework.dart:2083:7)
#334    ComponentElement.visitChildren (package:flutter/src/widgets/framework.dart:5781:14)
#335    _InactiveElements._unmount (package:flutter/src/widgets/framework.dart:2081:13)
#336    _InactiveElements._unmount.<anonymous closure> (package:flutter/src/widgets/framework.dart:2083:7)
#337    ComponentElement.visitChildren (package:flutter/src/widgets/framework.dart:5781:14)
#338    _InactiveElements._unmount (package:flutter/src/widgets/framework.dart:2081:13)
#339    _InactiveElements._unmount.<anonymous closure> (package:flutter/src/widgets/framework.dart:2083:7)
#340    ComponentElement.visitChildren (package:flutter/src/widgets/framework.dart:5781:14)
#341    _InactiveElements._unmount (package:flutter/src/widgets/framework.dart:2081:13)
#342    _InactiveElements._unmount.<anonymous closure> (package:flutter/src/widgets/framework.dart:2083:7)
#343    ComponentElement.visitChildren (package:flutter/src/widgets/framework.dart:5781:14)
#344    _InactiveElements._unmount (package:flutter/src/widgets/framework.dart:2081:13)
#345    ListIterable.forEach (dart:_internal/iterable.dart:49:13)
#346    _InactiveElements._unmountAll (package:flutter/src/widgets/framework.dart:2094:25)
#347    BuildOwner.lockState (package:flutter/src/widgets/framework.dart:2975:15)
#348    BuildOwner.finalizeTree (package:flutter/src/widgets/framework.dart:3298:7)
#349    AutomatedTestWidgetsFlutterBinding.drawFrame (package:flutter_test/src/binding.dart:1517:19)
#350    RendererBinding._handlePersistentFrameCallback (package:flutter/src/rendering/binding.dart:482:5)
#351    SchedulerBinding._invokeFrameCallback (package:flutter/src/scheduler/binding.dart:1442:15)
#352    SchedulerBinding.handleDrawFrame (package:flutter/src/scheduler/binding.dart:1355:9)
#353    AutomatedTestWidgetsFlutterBinding.scheduleWarmUpFrame (package:flutter_test/src/binding.dart:1441:5)
#354    _runWidget (package:flutter/src/widgets/binding.dart:1547:7)
#355    runApp (package:flutter/src/widgets/binding.dart:1480:3)
#356    TestWidgetsFlutterBinding._runTestBody (package:flutter_test/src/binding.dart:1071:7)
<asynchronous suspension>
<asynchronous suspension>
(elided one frame from package:stack_trace)
════════════════════════════════════════════════════════════════════════════════════════════════════
00:03 +0 -1: HostDashboard displays empty state when no committees exist [E]                                                                                                                           
  Test failed. See exception logs above.
  The test description was: HostDashboard displays empty state when no committees exist
  

To run this test again: /home/saadkhan/develop/flutter/bin/cache/dart-sdk/bin/dart test /mnt/data/farhan/Committee_App/test/screens/host/host_dashboard_test.dart -p vm --plain-name 'HostDashboard displays empty state when no committees exist'
00:03 +0 -1: HostDashboard displays committees when data exists                                                                                                                                        00:03 +0 -1: HostDashboard displays committees when data exists                                                                                                                                        
══╡ EXCEPTION CAUGHT BY WIDGETS LIBRARY ╞═══════════════════════════════════════════════════════════
The following StateError was thrown while finalizing the widget tree:
Bad state: Cannot use "ref" after the widget was disposed.

When the exception was thrown, this was the stack:
#0      ConsumerStatefulElement._assertNotDisposed (package:flutter_riverpod/src/consumer.dart:550:7)
#1      ConsumerStatefulElement.read (package:flutter_riverpod/src/consumer.dart:619:5)
#2      _HostDashboardScreenState.dispose (package:committee_app/screens/host/host_dashboard_screen.dart:83:9)
#3      StatefulElement.unmount (package:flutter/src/widgets/framework.dart:5940:11)
#4      ConsumerStatefulElement.unmount (package:flutter_riverpod/src/consumer.dart:575:11)
#5      _InactiveElements._unmount (package:flutter/src/widgets/framework.dart:2085:13)
#6      _InactiveElements._unmount.<anonymous closure> (package:flutter/src/widgets/framework.dart:2083:7)
#7      SingleChildRenderObjectElement.visitChildren (package:flutter/src/widgets/framework.dart:7013:14)
#8      _InactiveElements._unmount (package:flutter/src/widgets/framework.dart:2081:13)
#9      _InactiveElements._unmount.<anonymous closure> (package:flutter/src/widgets/framework.dart:2083:7)
#10     ComponentElement.visitChildren (package:flutter/src/widgets/framework.dart:5781:14)
#11     _InactiveElements._unmount (package:flutter/src/widgets/framework.dart:2081:13)
#12     _InactiveElements._unmount.<anonymous closure> (package:flutter/src/widgets/framework.dart:2083:7)
#13     SingleChildRenderObjectElement.visitChildren (package:flutter/src/widgets/framework.dart:7013:14)
#14     _InactiveElements._unmount (package:flutter/src/widgets/framework.dart:2081:13)
#15     _InactiveElements._unmount.<anonymous closure> (package:flutter/src/widgets/framework.dart:2083:7)
#16     SingleChildRenderObjectElement.visitChildren (package:flutter/src/widgets/framework.dart:7013:14)
#17     _InactiveElements._unmount (package:flutter/src/widgets/framework.dart:2081:13)
#18     _InactiveElements._unmount.<anonymous closure> (package:flutter/src/widgets/framework.dart:2083:7)
#19     ComponentElement.visitChildren (package:flutter/src/widgets/framework.dart:5781:14)
#20     _InactiveElements._unmount (package:flutter/src/widgets/framework.dart:2081:13)
#21     _InactiveElements._unmount.<anonymous closure> (package:flutter/src/widgets/framework.dart:2083:7)
#22     SingleChildRenderObjectElement.visitChildren (package:flutter/src/widgets/framework.dart:7013:14)
#23     _InactiveElements._unmount (package:flutter/src/widgets/framework.dart:2081:13)
#24     _InactiveElements._unmount.<anonymous closure> (package:flutter/src/widgets/framework.dart:2083:7)
#25     ComponentElement.visitChildren (package:flutter/src/widgets/framework.dart:5781:14)
#26     _InactiveElements._unmount (package:flutter/src/widgets/framework.dart:2081:13)
#27     _InactiveElements._unmount.<anonymous closure> (package:flutter/src/widgets/framework.dart:2083:7)
#28     SingleChildRenderObjectElement.visitChildren (package:flutter/src/widgets/framework.dart:7013:14)
#29     _InactiveElements._unmount (package:flutter/src/widgets/framework.dart:2081:13)
#30     _InactiveElements._unmount.<anonymous closure> (package:flutter/src/widgets/framework.dart:2083:7)
#31     ComponentElement.visitChildren (package:flutter/src/widgets/framework.dart:5781:14)
#32     _InactiveElements._unmount (package:flutter/src/widgets/framework.dart:2081:13)
#33     _InactiveElements._unmount.<anonymous closure> (package:flutter/src/widgets/framework.dart:2083:7)
#34     ComponentElement.visitChildren (package:flutter/src/widgets/framework.dart:5781:14)
#35     _InactiveElements._unmount (package:flutter/src/widgets/framework.dart:2081:13)
#36     _InactiveElements._unmount.<anonymous closure> (package:flutter/src/widgets/framework.dart:2083:7)
#37     SingleChildRenderObjectElement.visitChildren (package:flutter/src/widgets/framework.dart:7013:14)
#38     _InactiveElements._unmount (package:flutter/src/widgets/framework.dart:2081:13)
#39     _InactiveElements._unmount.<anonymous closure> (package:flutter/src/widgets/framework.dart:2083:7)
#40     ComponentElement.visitChildren (package:flutter/src/widgets/framework.dart:5781:14)
#41     _InactiveElements._unmount (package:flutter/src/widgets/framework.dart:2081:13)
#42     _InactiveElements._unmount.<anonymous closure> (package:flutter/src/widgets/framework.dart:2083:7)
#43     SingleChildRenderObjectElement.visitChildren (package:flutter/src/widgets/framework.dart:7013:14)
#44     _InactiveElements._unmount (package:flutter/src/widgets/framework.dart:2081:13)
#45     _InactiveElements._unmount.<anonymous closure> (package:flutter/src/widgets/framework.dart:2083:7)
#46     ComponentElement.visitChildren (package:flutter/src/widgets/framework.dart:5781:14)
#47     _InactiveElements._unmount (package:flutter/src/widgets/framework.dart:2081:13)
#48     _InactiveElements._unmount.<anonymous closure> (package:flutter/src/widgets/framework.dart:2083:7)
#49     ComponentElement.visitChildren (package:flutter/src/widgets/framework.dart:5781:14)
#50     _InactiveElements._unmount (package:flutter/src/widgets/framework.dart:2081:13)
#51     _InactiveElements._unmount.<anonymous closure> (package:flutter/src/widgets/framework.dart:2083:7)
#52     ComponentElement.visitChildren (package:flutter/src/widgets/framework.dart:5781:14)
#53     _InactiveElements._unmount (package:flutter/src/widgets/framework.dart:2081:13)
#54     _InactiveElements._unmount.<anonymous closure> (package:flutter/src/widgets/framework.dart:2083:7)
#55     ComponentElement.visitChildren (package:flutter/src/widgets/framework.dart:5781:14)
#56     _InactiveElements._unmount (package:flutter/src/widgets/framework.dart:2081:13)
#57     _InactiveElements._unmount.<anonymous closure> (package:flutter/src/widgets/framework.dart:2083:7)
#58     ComponentElement.visitChildren (package:flutter/src/widgets/framework.dart:5781:14)
#59     _InactiveElements._unmount (package:flutter/src/widgets/framework.dart:2081:13)
#60     _InactiveElements._unmount.<anonymous closure> (package:flutter/src/widgets/framework.dart:2083:7)
#61     SingleChildRenderObjectElement.visitChildren (package:flutter/src/widgets/framework.dart:7013:14)
#62     _InactiveElements._unmount (package:flutter/src/widgets/framework.dart:2081:13)
#63     _InactiveElements._unmount.<anonymous closure> (package:flutter/src/widgets/framework.dart:2083:7)
#64     ComponentElement.visitChildren (package:flutter/src/widgets/framework.dart:5781:14)
#65     _InactiveElements._unmount (package:flutter/src/widgets/framework.dart:2081:13)
#66     _InactiveElements._unmount.<anonymous closure> (package:flutter/src/widgets/framework.dart:2083:7)
#67     SingleChildRenderObjectElement.visitChildren (package:flutter/src/widgets/framework.dart:7013:14)
#68     _InactiveElements._unmount (package:flutter/src/widgets/framework.dart:2081:13)
#69     _InactiveElements._unmount.<anonymous closure> (package:flutter/src/widgets/framework.dart:2083:7)
#70     ComponentElement.visitChildren (package:flutter/src/widgets/framework.dart:5781:14)
#71     _InactiveElements._unmount (package:flutter/src/widgets/framework.dart:2081:13)
#72     _InactiveElements._unmount.<anonymous closure> (package:flutter/src/widgets/framework.dart:2083:7)
#73     ComponentElement.visitChildren (package:flutter/src/widgets/framework.dart:5781:14)
#74     _InactiveElements._unmount (package:flutter/src/widgets/framework.dart:2081:13)
#75     _InactiveElements._unmount.<anonymous closure> (package:flutter/src/widgets/framework.dart:2083:7)
#76     ComponentElement.visitChildren (package:flutter/src/widgets/framework.dart:5781:14)
#77     _InactiveElements._unmount (package:flutter/src/widgets/framework.dart:2081:13)
#78     _InactiveElements._unmount.<anonymous closure> (package:flutter/src/widgets/framework.dart:2083:7)
#79     ComponentElement.visitChildren (package:flutter/src/widgets/framework.dart:5781:14)
#80     _InactiveElements._unmount (package:flutter/src/widgets/framework.dart:2081:13)
#81     _InactiveElements._unmount.<anonymous closure> (package:flutter/src/widgets/framework.dart:2083:7)
#82     ComponentElement.visitChildren (package:flutter/src/widgets/framework.dart:5781:14)
#83     _InactiveElements._unmount (package:flutter/src/widgets/framework.dart:2081:13)
#84     _InactiveElements._unmount.<anonymous closure> (package:flutter/src/widgets/framework.dart:2083:7)
#85     ComponentElement.visitChildren (package:flutter/src/widgets/framework.dart:5781:14)
#86     _InactiveElements._unmount (package:flutter/src/widgets/framework.dart:2081:13)
#87     _InactiveElements._unmount.<anonymous closure> (package:flutter/src/widgets/framework.dart:2083:7)
#88     SingleChildRenderObjectElement.visitChildren (package:flutter/src/widgets/framework.dart:7013:14)
#89     _InactiveElements._unmount (package:flutter/src/widgets/framework.dart:2081:13)
#90     _InactiveElements._unmount.<anonymous closure> (package:flutter/src/widgets/framework.dart:2083:7)
#91     ComponentElement.visitChildren (package:flutter/src/widgets/framework.dart:5781:14)
#92     _InactiveElements._unmount (package:flutter/src/widgets/framework.dart:2081:13)
#93     _InactiveElements._unmount.<anonymous closure> (package:flutter/src/widgets/framework.dart:2083:7)
#94     ComponentElement.visitChildren (package:flutter/src/widgets/framework.dart:5781:14)
#95     _InactiveElements._unmount (package:flutter/src/widgets/framework.dart:2081:13)
#96     _InactiveElements._unmount.<anonymous closure> (package:flutter/src/widgets/framework.dart:2083:7)
#97     ComponentElement.visitChildren (package:flutter/src/widgets/framework.dart:5781:14)
#98     _InactiveElements._unmount (package:flutter/src/widgets/framework.dart:2081:13)
#99     _InactiveElements._unmount.<anonymous closure> (package:flutter/src/widgets/framework.dart:2083:7)
#100    ComponentElement.visitChildren (package:flutter/src/widgets/framework.dart:5781:14)
#101    _InactiveElements._unmount (package:flutter/src/widgets/framework.dart:2081:13)
#102    _InactiveElements._unmount.<anonymous closure> (package:flutter/src/widgets/framework.dart:2083:7)
#103    ComponentElement.visitChildren (package:flutter/src/widgets/framework.dart:5781:14)
#104    _InactiveElements._unmount (package:flutter/src/widgets/framework.dart:2081:13)
#105    _InactiveElements._unmount.<anonymous closure> (package:flutter/src/widgets/framework.dart:2083:7)
#106    SingleChildRenderObjectElement.visitChildren (package:flutter/src/widgets/framework.dart:7013:14)
#107    _InactiveElements._unmount (package:flutter/src/widgets/framework.dart:2081:13)
#108    _InactiveElements._unmount.<anonymous closure> (package:flutter/src/widgets/framework.dart:2083:7)
#109    ComponentElement.visitChildren (package:flutter/src/widgets/framework.dart:5781:14)
#110    _InactiveElements._unmount (package:flutter/src/widgets/framework.dart:2081:13)
#111    _InactiveElements._unmount.<anonymous closure> (package:flutter/src/widgets/framework.dart:2083:7)
#112    ComponentElement.visitChildren (package:flutter/src/widgets/framework.dart:5781:14)
#113    _InactiveElements._unmount (package:flutter/src/widgets/framework.dart:2081:13)
#114    _InactiveElements._unmount.<anonymous closure> (package:flutter/src/widgets/framework.dart:2083:7)
#115    ComponentElement.visitChildren (package:flutter/src/widgets/framework.dart:5781:14)
#116    _InactiveElements._unmount (package:flutter/src/widgets/framework.dart:2081:13)
#117    _InactiveElements._unmount.<anonymous closure> (package:flutter/src/widgets/framework.dart:2083:7)
#118    ComponentElement.visitChildren (package:flutter/src/widgets/framework.dart:5781:14)
#119    _InactiveElements._unmount (package:flutter/src/widgets/framework.dart:2081:13)
#120    _InactiveElements._unmount.<anonymous closure> (package:flutter/src/widgets/framework.dart:2083:7)
#121    MultiChildRenderObjectElement.visitChildren (package:flutter/src/widgets/framework.dart:7137:16)
#122    _InactiveElements._unmount (package:flutter/src/widgets/framework.dart:2081:13)
#123    _InactiveElements._unmount.<anonymous closure> (package:flutter/src/widgets/framework.dart:2083:7)
#124    ComponentElement.visitChildren (package:flutter/src/widgets/framework.dart:5781:14)
#125    _InactiveElements._unmount (package:flutter/src/widgets/framework.dart:2081:13)
#126    _InactiveElements._unmount.<anonymous closure> (package:flutter/src/widgets/framework.dart:2083:7)
#127    ComponentElement.visitChildren (package:flutter/src/widgets/framework.dart:5781:14)
#128    _InactiveElements._unmount (package:flutter/src/widgets/framework.dart:2081:13)
#129    _InactiveElements._unmount.<anonymous closure> (package:flutter/src/widgets/framework.dart:2083:7)
#130    ComponentElement.visitChildren (package:flutter/src/widgets/framework.dart:5781:14)
#131    _InactiveElements._unmount (package:flutter/src/widgets/framework.dart:2081:13)
#132    _InactiveElements._unmount.<anonymous closure> (package:flutter/src/widgets/framework.dart:2083:7)
#133    ComponentElement.visitChildren (package:flutter/src/widgets/framework.dart:5781:14)
#134    _InactiveElements._unmount (package:flutter/src/widgets/framework.dart:2081:13)
#135    _InactiveElements._unmount.<anonymous closure> (package:flutter/src/widgets/framework.dart:2083:7)
#136    ComponentElement.visitChildren (package:flutter/src/widgets/framework.dart:5781:14)
#137    _InactiveElements._unmount (package:flutter/src/widgets/framework.dart:2081:13)
#138    _InactiveElements._unmount.<anonymous closure> (package:flutter/src/widgets/framework.dart:2083:7)
#139    ComponentElement.visitChildren (package:flutter/src/widgets/framework.dart:5781:14)
#140    _InactiveElements._unmount (package:flutter/src/widgets/framework.dart:2081:13)
#141    _InactiveElements._unmount.<anonymous closure> (package:flutter/src/widgets/framework.dart:2083:7)
#142    ComponentElement.visitChildren (package:flutter/src/widgets/framework.dart:5781:14)
#143    _InactiveElements._unmount (package:flutter/src/widgets/framework.dart:2081:13)
#144    _InactiveElements._unmount.<anonymous closure> (package:flutter/src/widgets/framework.dart:2083:7)
#145    SingleChildRenderObjectElement.visitChildren (package:flutter/src/widgets/framework.dart:7013:14)
#146    _InactiveElements._unmount (package:flutter/src/widgets/framework.dart:2081:13)
#147    _InactiveElements._unmount.<anonymous closure> (package:flutter/src/widgets/framework.dart:2083:7)
#148    SingleChildRenderObjectElement.visitChildren (package:flutter/src/widgets/framework.dart:7013:14)
#149    _InactiveElements._unmount (package:flutter/src/widgets/framework.dart:2081:13)
#150    _InactiveElements._unmount.<anonymous closure> (package:flutter/src/widgets/framework.dart:2083:7)
#151    ComponentElement.visitChildren (package:flutter/src/widgets/framework.dart:5781:14)
#152    _InactiveElements._unmount (package:flutter/src/widgets/framework.dart:2081:13)
#153    _InactiveElements._unmount.<anonymous closure> (package:flutter/src/widgets/framework.dart:2083:7)
#154    ComponentElement.visitChildren (package:flutter/src/widgets/framework.dart:5781:14)
#155    _InactiveElements._unmount (package:flutter/src/widgets/framework.dart:2081:13)
#156    _InactiveElements._unmount.<anonymous closure> (package:flutter/src/widgets/framework.dart:2083:7)
#157    ComponentElement.visitChildren (package:flutter/src/widgets/framework.dart:5781:14)
#158    _InactiveElements._unmount (package:flutter/src/widgets/framework.dart:2081:13)
#159    _InactiveElements._unmount.<anonymous closure> (package:flutter/src/widgets/framework.dart:2083:7)
#160    ComponentElement.visitChildren (package:flutter/src/widgets/framework.dart:5781:14)
#161    _InactiveElements._unmount (package:flutter/src/widgets/framework.dart:2081:13)
#162    _InactiveElements._unmount.<anonymous closure> (package:flutter/src/widgets/framework.dart:2083:7)
#163    SingleChildRenderObjectElement.visitChildren (package:flutter/src/widgets/framework.dart:7013:14)
#164    _InactiveElements._unmount (package:flutter/src/widgets/framework.dart:2081:13)
#165    _InactiveElements._unmount.<anonymous closure> (package:flutter/src/widgets/framework.dart:2083:7)
#166    ComponentElement.visitChildren (package:flutter/src/widgets/framework.dart:5781:14)
#167    _InactiveElements._unmount (package:flutter/src/widgets/framework.dart:2081:13)
#168    _InactiveElements._unmount.<anonymous closure> (package:flutter/src/widgets/framework.dart:2083:7)
#169    ComponentElement.visitChildren (package:flutter/src/widgets/framework.dart:5781:14)
#170    _InactiveElements._unmount (package:flutter/src/widgets/framework.dart:2081:13)
#171    _InactiveElements._unmount.<anonymous closure> (package:flutter/src/widgets/framework.dart:2083:7)
#172    ComponentElement.visitChildren (package:flutter/src/widgets/framework.dart:5781:14)
#173    _InactiveElements._unmount (package:flutter/src/widgets/framework.dart:2081:13)
#174    _InactiveElements._unmount.<anonymous closure> (package:flutter/src/widgets/framework.dart:2083:7)
#175    ComponentElement.visitChildren (package:flutter/src/widgets/framework.dart:5781:14)
#176    _InactiveElements._unmount (package:flutter/src/widgets/framework.dart:2081:13)
#177    _InactiveElements._unmount.<anonymous closure> (package:flutter/src/widgets/framework.dart:2083:7)
#178    ComponentElement.visitChildren (package:flutter/src/widgets/framework.dart:5781:14)
#179    _InactiveElements._unmount (package:flutter/src/widgets/framework.dart:2081:13)
#180    _InactiveElements._unmount.<anonymous closure> (package:flutter/src/widgets/framework.dart:2083:7)
#181    ComponentElement.visitChildren (package:flutter/src/widgets/framework.dart:5781:14)
#182    _InactiveElements._unmount (package:flutter/src/widgets/framework.dart:2081:13)
#183    _InactiveElements._unmount.<anonymous closure> (package:flutter/src/widgets/framework.dart:2083:7)
#184    ComponentElement.visitChildren (package:flutter/src/widgets/framework.dart:5781:14)
#185    _InactiveElements._unmount (package:flutter/src/widgets/framework.dart:2081:13)
#186    _InactiveElements._unmount.<anonymous closure> (package:flutter/src/widgets/framework.dart:2083:7)
#187    ComponentElement.visitChildren (package:flutter/src/widgets/framework.dart:5781:14)
#188    _InactiveElements._unmount (package:flutter/src/widgets/framework.dart:2081:13)
#189    _InactiveElements._unmount.<anonymous closure> (package:flutter/src/widgets/framework.dart:2083:7)
#190    ComponentElement.visitChildren (package:flutter/src/widgets/framework.dart:5781:14)
#191    _InactiveElements._unmount (package:flutter/src/widgets/framework.dart:2081:13)
#192    _InactiveElements._unmount.<anonymous closure> (package:flutter/src/widgets/framework.dart:2083:7)
#193    ComponentElement.visitChildren (package:flutter/src/widgets/framework.dart:5781:14)
#194    _InactiveElements._unmount (package:flutter/src/widgets/framework.dart:2081:13)
#195    _InactiveElements._unmount.<anonymous closure> (package:flutter/src/widgets/framework.dart:2083:7)
#196    ComponentElement.visitChildren (package:flutter/src/widgets/framework.dart:5781:14)
#197    _InactiveElements._unmount (package:flutter/src/widgets/framework.dart:2081:13)
#198    _InactiveElements._unmount.<anonymous closure> (package:flutter/src/widgets/framework.dart:2083:7)
#199    ComponentElement.visitChildren (package:flutter/src/widgets/framework.dart:5781:14)
#200    _InactiveElements._unmount (package:flutter/src/widgets/framework.dart:2081:13)
#201    _InactiveElements._unmount.<anonymous closure> (package:flutter/src/widgets/framework.dart:2083:7)
#202    ComponentElement.visitChildren (package:flutter/src/widgets/framework.dart:5781:14)
#203    _InactiveElements._unmount (package:flutter/src/widgets/framework.dart:2081:13)
#204    _InactiveElements._unmount.<anonymous closure> (package:flutter/src/widgets/framework.dart:2083:7)
#205    ComponentElement.visitChildren (package:flutter/src/widgets/framework.dart:5781:14)
#206    _InactiveElements._unmount (package:flutter/src/widgets/framework.dart:2081:13)
#207    _InactiveElements._unmount.<anonymous closure> (package:flutter/src/widgets/framework.dart:2083:7)
#208    ComponentElement.visitChildren (package:flutter/src/widgets/framework.dart:5781:14)
#209    _InactiveElements._unmount (package:flutter/src/widgets/framework.dart:2081:13)
#210    _InactiveElements._unmount.<anonymous closure> (package:flutter/src/widgets/framework.dart:2083:7)
#211    SingleChildRenderObjectElement.visitChildren (package:flutter/src/widgets/framework.dart:7013:14)
#212    _InactiveElements._unmount (package:flutter/src/widgets/framework.dart:2081:13)
#213    _InactiveElements._unmount.<anonymous closure> (package:flutter/src/widgets/framework.dart:2083:7)
#214    ComponentElement.visitChildren (package:flutter/src/widgets/framework.dart:5781:14)
#215    _InactiveElements._unmount (package:flutter/src/widgets/framework.dart:2081:13)
#216    _InactiveElements._unmount.<anonymous closure> (package:flutter/src/widgets/framework.dart:2083:7)
#217    ComponentElement.visitChildren (package:flutter/src/widgets/framework.dart:5781:14)
#218    _InactiveElements._unmount (package:flutter/src/widgets/framework.dart:2081:13)
#219    _InactiveElements._unmount.<anonymous closure> (package:flutter/src/widgets/framework.dart:2083:7)
#220    ComponentElement.visitChildren (package:flutter/src/widgets/framework.dart:5781:14)
#221    _InactiveElements._unmount (package:flutter/src/widgets/framework.dart:2081:13)
#222    _InactiveElements._unmount.<anonymous closure> (package:flutter/src/widgets/framework.dart:2083:7)
#223    ComponentElement.visitChildren (package:flutter/src/widgets/framework.dart:5781:14)
#224    _InactiveElements._unmount (package:flutter/src/widgets/framework.dart:2081:13)
#225    _InactiveElements._unmount.<anonymous closure> (package:flutter/src/widgets/framework.dart:2083:7)
#226    ComponentElement.visitChildren (package:flutter/src/widgets/framework.dart:5781:14)
#227    _InactiveElements._unmount (package:flutter/src/widgets/framework.dart:2081:13)
#228    _InactiveElements._unmount.<anonymous closure> (package:flutter/src/widgets/framework.dart:2083:7)
#229    SingleChildRenderObjectElement.visitChildren (package:flutter/src/widgets/framework.dart:7013:14)
#230    _InactiveElements._unmount (package:flutter/src/widgets/framework.dart:2081:13)
#231    _InactiveElements._unmount.<anonymous closure> (package:flutter/src/widgets/framework.dart:2083:7)
#232    ComponentElement.visitChildren (package:flutter/src/widgets/framework.dart:5781:14)
#233    _InactiveElements._unmount (package:flutter/src/widgets/framework.dart:2081:13)
#234    _InactiveElements._unmount.<anonymous closure> (package:flutter/src/widgets/framework.dart:2083:7)
#235    SingleChildRenderObjectElement.visitChildren (package:flutter/src/widgets/framework.dart:7013:14)
#236    _InactiveElements._unmount (package:flutter/src/widgets/framework.dart:2081:13)
#237    _InactiveElements._unmount.<anonymous closure> (package:flutter/src/widgets/framework.dart:2083:7)
#238    ComponentElement.visitChildren (package:flutter/src/widgets/framework.dart:5781:14)
#239    _InactiveElements._unmount (package:flutter/src/widgets/framework.dart:2081:13)
#240    _InactiveElements._unmount.<anonymous closure> (package:flutter/src/widgets/framework.dart:2083:7)
#241    ComponentElement.visitChildren (package:flutter/src/widgets/framework.dart:5781:14)
#242    _InactiveElements._unmount (package:flutter/src/widgets/framework.dart:2081:13)
#243    _InactiveElements._unmount.<anonymous closure> (package:flutter/src/widgets/framework.dart:2083:7)
#244    ComponentElement.visitChildren (package:flutter/src/widgets/framework.dart:5781:14)
#245    _InactiveElements._unmount (package:flutter/src/widgets/framework.dart:2081:13)
#246    _InactiveElements._unmount.<anonymous closure> (package:flutter/src/widgets/framework.dart:2083:7)
#247    ComponentElement.visitChildren (package:flutter/src/widgets/framework.dart:5781:14)
#248    _InactiveElements._unmount (package:flutter/src/widgets/framework.dart:2081:13)
#249    _InactiveElements._unmount.<anonymous closure> (package:flutter/src/widgets/framework.dart:2083:7)
#250    ComponentElement.visitChildren (package:flutter/src/widgets/framework.dart:5781:14)
#251    _InactiveElements._unmount (package:flutter/src/widgets/framework.dart:2081:13)
#252    _InactiveElements._unmount.<anonymous closure> (package:flutter/src/widgets/framework.dart:2083:7)
#253    SingleChildRenderObjectElement.visitChildren (package:flutter/src/widgets/framework.dart:7013:14)
#254    _InactiveElements._unmount (package:flutter/src/widgets/framework.dart:2081:13)
#255    _InactiveElements._unmount.<anonymous closure> (package:flutter/src/widgets/framework.dart:2083:7)
#256    ComponentElement.visitChildren (package:flutter/src/widgets/framework.dart:5781:14)
#257    _InactiveElements._unmount (package:flutter/src/widgets/framework.dart:2081:13)
#258    _InactiveElements._unmount.<anonymous closure> (package:flutter/src/widgets/framework.dart:2083:7)
#259    ComponentElement.visitChildren (package:flutter/src/widgets/framework.dart:5781:14)
#260    _InactiveElements._unmount (package:flutter/src/widgets/framework.dart:2081:13)
#261    _InactiveElements._unmount.<anonymous closure> (package:flutter/src/widgets/framework.dart:2083:7)
#262    ComponentElement.visitChildren (package:flutter/src/widgets/framework.dart:5781:14)
#263    _InactiveElements._unmount (package:flutter/src/widgets/framework.dart:2081:13)
#264    _InactiveElements._unmount.<anonymous closure> (package:flutter/src/widgets/framework.dart:2083:7)
#265    ComponentElement.visitChildren (package:flutter/src/widgets/framework.dart:5781:14)
#266    _InactiveElements._unmount (package:flutter/src/widgets/framework.dart:2081:13)
#267    _InactiveElements._unmount.<anonymous closure> (package:flutter/src/widgets/framework.dart:2083:7)
#268    ComponentElement.visitChildren (package:flutter/src/widgets/framework.dart:5781:14)
#269    _InactiveElements._unmount (package:flutter/src/widgets/framework.dart:2081:13)
#270    _InactiveElements._unmount.<anonymous closure> (package:flutter/src/widgets/framework.dart:2083:7)
#271    SingleChildRenderObjectElement.visitChildren (package:flutter/src/widgets/framework.dart:7013:14)
#272    _InactiveElements._unmount (package:flutter/src/widgets/framework.dart:2081:13)
#273    _InactiveElements._unmount.<anonymous closure> (package:flutter/src/widgets/framework.dart:2083:7)
#274    ComponentElement.visitChildren (package:flutter/src/widgets/framework.dart:5781:14)
#275    _InactiveElements._unmount (package:flutter/src/widgets/framework.dart:2081:13)
#276    _InactiveElements._unmount.<anonymous closure> (package:flutter/src/widgets/framework.dart:2083:7)
#277    ComponentElement.visitChildren (package:flutter/src/widgets/framework.dart:5781:14)
#278    _InactiveElements._unmount (package:flutter/src/widgets/framework.dart:2081:13)
#279    _InactiveElements._unmount.<anonymous closure> (package:flutter/src/widgets/framework.dart:2083:7)
#280    ComponentElement.visitChildren (package:flutter/src/widgets/framework.dart:5781:14)
#281    _InactiveElements._unmount (package:flutter/src/widgets/framework.dart:2081:13)
#282    _InactiveElements._unmount.<anonymous closure> (package:flutter/src/widgets/framework.dart:2083:7)
#283    ComponentElement.visitChildren (package:flutter/src/widgets/framework.dart:5781:14)
#284    _InactiveElements._unmount (package:flutter/src/widgets/framework.dart:2081:13)
#285    _InactiveElements._unmount.<anonymous closure> (package:flutter/src/widgets/framework.dart:2083:7)
#286    SingleChildRenderObjectElement.visitChildren (package:flutter/src/widgets/framework.dart:7013:14)
#287    _InactiveElements._unmount (package:flutter/src/widgets/framework.dart:2081:13)
#288    _InactiveElements._unmount.<anonymous closure> (package:flutter/src/widgets/framework.dart:2083:7)
#289    ComponentElement.visitChildren (package:flutter/src/widgets/framework.dart:5781:14)
#290    _InactiveElements._unmount (package:flutter/src/widgets/framework.dart:2081:13)
#291    _InactiveElements._unmount.<anonymous closure> (package:flutter/src/widgets/framework.dart:2083:7)
#292    ComponentElement.visitChildren (package:flutter/src/widgets/framework.dart:5781:14)
#293    _InactiveElements._unmount (package:flutter/src/widgets/framework.dart:2081:13)
#294    _InactiveElements._unmount.<anonymous closure> (package:flutter/src/widgets/framework.dart:2083:7)
#295    ComponentElement.visitChildren (package:flutter/src/widgets/framework.dart:5781:14)
#296    _InactiveElements._unmount (package:flutter/src/widgets/framework.dart:2081:13)
#297    _InactiveElements._unmount.<anonymous closure> (package:flutter/src/widgets/framework.dart:2083:7)
#298    ComponentElement.visitChildren (package:flutter/src/widgets/framework.dart:5781:14)
#299    _InactiveElements._unmount (package:flutter/src/widgets/framework.dart:2081:13)
#300    _InactiveElements._unmount.<anonymous closure> (package:flutter/src/widgets/framework.dart:2083:7)
#301    ComponentElement.visitChildren (package:flutter/src/widgets/framework.dart:5781:14)
#302    _InactiveElements._unmount (package:flutter/src/widgets/framework.dart:2081:13)
#303    _InactiveElements._unmount.<anonymous closure> (package:flutter/src/widgets/framework.dart:2083:7)
#304    ComponentElement.visitChildren (package:flutter/src/widgets/framework.dart:5781:14)
#305    _InactiveElements._unmount (package:flutter/src/widgets/framework.dart:2081:13)
#306    _InactiveElements._unmount.<anonymous closure> (package:flutter/src/widgets/framework.dart:2083:7)
#307    ComponentElement.visitChildren (package:flutter/src/widgets/framework.dart:5781:14)
#308    _InactiveElements._unmount (package:flutter/src/widgets/framework.dart:2081:13)
#309    _InactiveElements._unmount.<anonymous closure> (package:flutter/src/widgets/framework.dart:2083:7)
#310    ComponentElement.visitChildren (package:flutter/src/widgets/framework.dart:5781:14)
#311    _InactiveElements._unmount (package:flutter/src/widgets/framework.dart:2081:13)
#312    _InactiveElements._unmount.<anonymous closure> (package:flutter/src/widgets/framework.dart:2083:7)
#313    ComponentElement.visitChildren (package:flutter/src/widgets/framework.dart:5781:14)
#314    _InactiveElements._unmount (package:flutter/src/widgets/framework.dart:2081:13)
#315    _InactiveElements._unmount.<anonymous closure> (package:flutter/src/widgets/framework.dart:2083:7)
#316    ComponentElement.visitChildren (package:flutter/src/widgets/framework.dart:5781:14)
#317    _InactiveElements._unmount (package:flutter/src/widgets/framework.dart:2081:13)
#318    _InactiveElements._unmount.<anonymous closure> (package:flutter/src/widgets/framework.dart:2083:7)
#319    ComponentElement.visitChildren (package:flutter/src/widgets/framework.dart:5781:14)
#320    _InactiveElements._unmount (package:flutter/src/widgets/framework.dart:2081:13)
#321    _InactiveElements._unmount.<anonymous closure> (package:flutter/src/widgets/framework.dart:2083:7)
#322    SingleChildRenderObjectElement.visitChildren (package:flutter/src/widgets/framework.dart:7013:14)
#323    _InactiveElements._unmount (package:flutter/src/widgets/framework.dart:2081:13)
#324    _InactiveElements._unmount.<anonymous closure> (package:flutter/src/widgets/framework.dart:2083:7)
#325    ComponentElement.visitChildren (package:flutter/src/widgets/framework.dart:5781:14)
#326    _InactiveElements._unmount (package:flutter/src/widgets/framework.dart:2081:13)
#327    _InactiveElements._unmount.<anonymous closure> (package:flutter/src/widgets/framework.dart:2083:7)
#328    ComponentElement.visitChildren (package:flutter/src/widgets/framework.dart:5781:14)
#329    _InactiveElements._unmount (package:flutter/src/widgets/framework.dart:2081:13)
#330    _InactiveElements._unmount.<anonymous closure> (package:flutter/src/widgets/framework.dart:2083:7)
#331    ComponentElement.visitChildren (package:flutter/src/widgets/framework.dart:5781:14)
#332    _InactiveElements._unmount (package:flutter/src/widgets/framework.dart:2081:13)
#333    _InactiveElements._unmount.<anonymous closure> (package:flutter/src/widgets/framework.dart:2083:7)
#334    ComponentElement.visitChildren (package:flutter/src/widgets/framework.dart:5781:14)
#335    _InactiveElements._unmount (package:flutter/src/widgets/framework.dart:2081:13)
#336    _InactiveElements._unmount.<anonymous closure> (package:flutter/src/widgets/framework.dart:2083:7)
#337    ComponentElement.visitChildren (package:flutter/src/widgets/framework.dart:5781:14)
#338    _InactiveElements._unmount (package:flutter/src/widgets/framework.dart:2081:13)
#339    _InactiveElements._unmount.<anonymous closure> (package:flutter/src/widgets/framework.dart:2083:7)
#340    ComponentElement.visitChildren (package:flutter/src/widgets/framework.dart:5781:14)
#341    _InactiveElements._unmount (package:flutter/src/widgets/framework.dart:2081:13)
#342    _InactiveElements._unmount.<anonymous closure> (package:flutter/src/widgets/framework.dart:2083:7)
#343    ComponentElement.visitChildren (package:flutter/src/widgets/framework.dart:5781:14)
#344    _InactiveElements._unmount (package:flutter/src/widgets/framework.dart:2081:13)
#345    ListIterable.forEach (dart:_internal/iterable.dart:49:13)
#346    _InactiveElements._unmountAll (package:flutter/src/widgets/framework.dart:2094:25)
#347    BuildOwner.lockState (package:flutter/src/widgets/framework.dart:2975:15)
#348    BuildOwner.finalizeTree (package:flutter/src/widgets/framework.dart:3298:7)
#349    AutomatedTestWidgetsFlutterBinding.drawFrame (package:flutter_test/src/binding.dart:1517:19)
#350    RendererBinding._handlePersistentFrameCallback (package:flutter/src/rendering/binding.dart:482:5)
#351    SchedulerBinding._invokeFrameCallback (package:flutter/src/scheduler/binding.dart:1442:15)
#352    SchedulerBinding.handleDrawFrame (package:flutter/src/scheduler/binding.dart:1355:9)
#353    AutomatedTestWidgetsFlutterBinding.scheduleWarmUpFrame (package:flutter_test/src/binding.dart:1441:5)
#354    _runWidget (package:flutter/src/widgets/binding.dart:1547:7)
#355    runApp (package:flutter/src/widgets/binding.dart:1480:3)
#356    TestWidgetsFlutterBinding._runTestBody (package:flutter_test/src/binding.dart:1071:7)
<asynchronous suspension>
<asynchronous suspension>
(elided one frame from package:stack_trace)
════════════════════════════════════════════════════════════════════════════════════════════════════
00:03 +0 -2: HostDashboard displays committees when data exists [E]                                                                                                                                    
  Test failed. See exception logs above.
  The test description was: HostDashboard displays committees when data exists
  

To run this test again: /home/saadkhan/develop/flutter/bin/cache/dart-sdk/bin/dart test /mnt/data/farhan/Committee_App/test/screens/host/host_dashboard_test.dart -p vm --plain-name 'HostDashboard displays committees when data exists'
00:03 +0 -2: Some tests failed.                                                                                                                                                                        
